MemTotal:       32880764 kB
MemFree:         5577408 kB
Buffers:          713132 kB
Cached:          8945296 kB
SwapCached:            0 kB
Active:         19669844 kB
Inactive:        6624784 kB
Active(anon):   14877764 kB
Inactive(anon):  1836832 kB
Active(file):    4792080 kB
Inactive(file):  4787952 kB
Unevictable:           0 kB
Mlocked:               0 kB
SwapTotal:      16777212 kB
SwapFree:       16777212 kB
Dirty:               732 kB
Writeback:             0 kB
AnonPages:      16636624 kB
Mapped:           256632 kB
Shmem:             78068 kB
Slab:             699228 kB
SReclaimable:     604784 kB
SUnreclaim:        94444 kB
KernelStack:       31408 kB
PageTables:        54924 kB
NFS_Unstable:          0 kB
Bounce:                0 kB
WritebackTmp:          0 kB
CommitLimit:    33217592 kB
Committed_AS:   29584988 kB
VmallocTotal:   34359738367 kB
VmallocUsed:      200452 kB
VmallocChunk:   34359529944 kB
HardwareCorrupted:     0 kB
AnonHugePages:  15280128 kB
HugePages_Total:       0
HugePages_Free:        0
HugePages_Rsvd:        0
HugePages_Surp:        0
Hugepagesize:       2048 kB
DirectMap4k:       10240 kB
DirectMap2M:    33544192 kB
